../PeriphLibraries/IT_F4xx/IT_F4xx.cpp:21:6:void EXTI_Init(GPIO_TypeDef*, uint16_t, EXTI_EdgeDetect_t, uint32_t)	24	static
../PeriphLibraries/IT_F4xx/IT_F4xx.cpp:67:6:void NMI_Handler()	0	static
../PeriphLibraries/IT_F4xx/IT_F4xx.cpp:71:6:void HardFault_Handler()	0	static
../PeriphLibraries/IT_F4xx/IT_F4xx.cpp:75:6:void MemManage_Handler()	0	static
../PeriphLibraries/IT_F4xx/IT_F4xx.cpp:79:6:void BusFault_Handler()	0	static
../PeriphLibraries/IT_F4xx/IT_F4xx.cpp:83:6:void UsageFault_Handler()	0	static
../PeriphLibraries/IT_F4xx/IT_F4xx.cpp:87:6:void DebugMon_Handler()	0	static
../PeriphLibraries/IT_F4xx/IT_F4xx.cpp:91:13:void EXTI_Callback(uint16_t)	0	static
../PeriphLibraries/IT_F4xx/IT_F4xx.cpp:109:6:void EXTI3_IRQHandler()	8	static
../PeriphLibraries/IT_F4xx/IT_F4xx.cpp:141:6:void SysTick_Handler()	0	static
../PeriphLibraries/IT_F4xx/IT_F4xx.cpp:169:6:void DMA1_Stream4_IRQHandler()	0	static
../PeriphLibraries/IT_F4xx/IT_F4xx.cpp:191:6:void DMA2_Stream0_IRQHandler()	0	static
../PeriphLibraries/IT_F4xx/IT_F4xx.cpp:226:6:void DMA2_Stream7_IRQHandler()	0	static
../PeriphLibraries/IT_F4xx/IT_F4xx.cpp:237:6:void USART1_IRQHandler()	0	static
../PeriphLibraries/IT_F4xx/IT_F4xx.cpp:293:6:void TIM2_IRQHandler()	0	static
../PeriphLibraries/IT_F4xx/IT_F4xx.cpp:299:6:void TIM3_IRQHandler()	0	static
../PeriphLibraries/IT_F4xx/IT_F4xx.cpp:305:6:void TIM4_IRQHandler()	0	static
../PeriphLibraries/IT_F4xx/IT_F4xx.cpp:311:6:void TIM5_IRQHandler()	0	static
