../AppLibraries/lvgl/demos/benchmark/lv_demo_benchmark.c:1129:13:fall_anim	96	static
../AppLibraries/lvgl/demos/benchmark/lv_demo_benchmark.c:1124:13:fall_anim_y_cb	0	static
../AppLibraries/lvgl/demos/benchmark/lv_demo_benchmark.c:1090:13:arc_anim_end_angle_cb	0	static
../AppLibraries/lvgl/demos/benchmark/lv_demo_benchmark.c:724:13:monitor_cb	8	static
../AppLibraries/lvgl/demos/benchmark/lv_demo_benchmark.c:637:13:benchmark_init	40	static
../AppLibraries/lvgl/demos/benchmark/lv_demo_benchmark.c:944:13:scene_next_task_cb	304	static
../AppLibraries/lvgl/demos/benchmark/lv_demo_benchmark.c:916:13:report_cb	8	static
../AppLibraries/lvgl/demos/benchmark/lv_demo_benchmark.c:1095:13:arc_create.constprop	112	static
../AppLibraries/lvgl/demos/benchmark/lv_demo_benchmark.c:447:13:arc_think_cb	8	static
../AppLibraries/lvgl/demos/benchmark/lv_demo_benchmark.c:456:13:arc_thick_cb	8	static
../AppLibraries/lvgl/demos/benchmark/lv_demo_benchmark.c:517:13:sub_arc_cb	8	static
../AppLibraries/lvgl/demos/benchmark/lv_demo_benchmark.c:1062:13:line_create.constprop	48	static
../AppLibraries/lvgl/demos/benchmark/lv_demo_benchmark.c:438:13:line_cb	8	static
../AppLibraries/lvgl/demos/benchmark/lv_demo_benchmark.c:507:13:sub_line_cb	8	static
../AppLibraries/lvgl/demos/benchmark/lv_demo_benchmark.c:1046:13:txt_create.constprop	40	static
../AppLibraries/lvgl/demos/benchmark/lv_demo_benchmark.c:383:13:txt_small_cb	8	static
../AppLibraries/lvgl/demos/benchmark/lv_demo_benchmark.c:392:13:txt_medium_cb	8	static
../AppLibraries/lvgl/demos/benchmark/lv_demo_benchmark.c:401:13:txt_large_cb	8	static
../AppLibraries/lvgl/demos/benchmark/lv_demo_benchmark.c:410:13:txt_small_compr_cb	8	static
../AppLibraries/lvgl/demos/benchmark/lv_demo_benchmark.c:419:13:txt_medium_compr_cb	8	static
../AppLibraries/lvgl/demos/benchmark/lv_demo_benchmark.c:428:13:txt_large_compr_cb	8	static
../AppLibraries/lvgl/demos/benchmark/lv_demo_benchmark.c:526:13:sub_text_cb	8	static
../AppLibraries/lvgl/demos/benchmark/lv_demo_benchmark.c:1027:13:img_create.constprop	48	static
../AppLibraries/lvgl/demos/benchmark/lv_demo_benchmark.c:250:13:img_rgb_cb	8	static
../AppLibraries/lvgl/demos/benchmark/lv_demo_benchmark.c:257:13:img_argb_cb	8	static
../AppLibraries/lvgl/demos/benchmark/lv_demo_benchmark.c:265:13:img_ckey_cb	8	static
../AppLibraries/lvgl/demos/benchmark/lv_demo_benchmark.c:273:13:img_index_cb	8	static
../AppLibraries/lvgl/demos/benchmark/lv_demo_benchmark.c:281:13:img_alpha_cb	8	static
../AppLibraries/lvgl/demos/benchmark/lv_demo_benchmark.c:289:13:img_rgb_recolor_cb	8	static
../AppLibraries/lvgl/demos/benchmark/lv_demo_benchmark.c:298:13:img_argb_recolor_cb	8	static
../AppLibraries/lvgl/demos/benchmark/lv_demo_benchmark.c:306:13:img_ckey_recolor_cb	8	static
../AppLibraries/lvgl/demos/benchmark/lv_demo_benchmark.c:314:13:img_index_recolor_cb	8	static
../AppLibraries/lvgl/demos/benchmark/lv_demo_benchmark.c:351:13:img_rgb_zoom_cb	8	static
../AppLibraries/lvgl/demos/benchmark/lv_demo_benchmark.c:359:13:img_rgb_zoom_aa_cb	8	static
../AppLibraries/lvgl/demos/benchmark/lv_demo_benchmark.c:368:13:img_argb_zoom_cb	8	static
../AppLibraries/lvgl/demos/benchmark/lv_demo_benchmark.c:376:13:img_argb_zoom_aa_cb	8	static
../AppLibraries/lvgl/demos/benchmark/lv_demo_benchmark.c:499:13:sub_img_cb	8	static
../AppLibraries/lvgl/demos/benchmark/lv_demo_benchmark.c:1027:13:img_create.constprop	40	static
../AppLibraries/lvgl/demos/benchmark/lv_demo_benchmark.c:323:13:img_rgb_rot_cb	8	static
../AppLibraries/lvgl/demos/benchmark/lv_demo_benchmark.c:330:13:img_rgb_rot_aa_cb	8	static
../AppLibraries/lvgl/demos/benchmark/lv_demo_benchmark.c:337:13:img_argb_rot_cb	8	static
../AppLibraries/lvgl/demos/benchmark/lv_demo_benchmark.c:344:13:img_argb_rot_aa_cb	8	static
../AppLibraries/lvgl/demos/benchmark/lv_demo_benchmark.c:1009:13:rect_create.constprop	40	static
../AppLibraries/lvgl/demos/benchmark/lv_demo_benchmark.c:99:13:rectangle_cb	8	static
../AppLibraries/lvgl/demos/benchmark/lv_demo_benchmark.c:106:13:rectangle_rounded_cb	8	static
../AppLibraries/lvgl/demos/benchmark/lv_demo_benchmark.c:114:13:rectangle_circle_cb	8	static
../AppLibraries/lvgl/demos/benchmark/lv_demo_benchmark.c:122:13:border_cb	8	static
../AppLibraries/lvgl/demos/benchmark/lv_demo_benchmark.c:130:13:border_rounded_cb	8	static
../AppLibraries/lvgl/demos/benchmark/lv_demo_benchmark.c:140:13:border_circle_cb	8	static
../AppLibraries/lvgl/demos/benchmark/lv_demo_benchmark.c:149:13:border_top_cb	8	static
../AppLibraries/lvgl/demos/benchmark/lv_demo_benchmark.c:160:13:border_left_cb	8	static
../AppLibraries/lvgl/demos/benchmark/lv_demo_benchmark.c:170:13:border_top_left_cb	8	static
../AppLibraries/lvgl/demos/benchmark/lv_demo_benchmark.c:180:13:border_left_right_cb	8	static
../AppLibraries/lvgl/demos/benchmark/lv_demo_benchmark.c:190:13:border_top_bottom_cb	8	static
../AppLibraries/lvgl/demos/benchmark/lv_demo_benchmark.c:201:13:shadow_small_cb	8	static
../AppLibraries/lvgl/demos/benchmark/lv_demo_benchmark.c:212:13:shadow_small_ofs_cb	8	static
../AppLibraries/lvgl/demos/benchmark/lv_demo_benchmark.c:226:13:shadow_large_cb	8	static
../AppLibraries/lvgl/demos/benchmark/lv_demo_benchmark.c:236:13:shadow_large_ofs_cb	8	static
../AppLibraries/lvgl/demos/benchmark/lv_demo_benchmark.c:466:13:sub_rectangle_cb	8	static
../AppLibraries/lvgl/demos/benchmark/lv_demo_benchmark.c:475:13:sub_border_cb	8	static
../AppLibraries/lvgl/demos/benchmark/lv_demo_benchmark.c:486:13:sub_shadow_cb	8	static
../AppLibraries/lvgl/demos/benchmark/lv_demo_benchmark.c:675:6:lv_demo_benchmark	8	static
../AppLibraries/lvgl/demos/benchmark/lv_demo_benchmark.c:684:6:lv_demo_benchmark_run_scene	24	static
../AppLibraries/lvgl/demos/benchmark/lv_demo_benchmark.c:710:6:lv_demo_benchmark_set_finished_cb	0	static
../AppLibraries/lvgl/demos/benchmark/lv_demo_benchmark.c:715:6:lv_demo_benchmark_set_max_speed	0	static
