../AppLibraries/FT6236/FT6236.cpp:18:6:void readData()	128	static
../AppLibraries/FT6236/FT6236.cpp:39:9:uint8_t readRegister8(uint8_t)	104	static
../AppLibraries/FT6236/FT6236.cpp:47:6:void writeRegister8(uint8_t, uint8_t)	104	static
../AppLibraries/FT6236/FT6236.cpp:53:6:bool TouchInit(I2C*, uint8_t)	120	static
../AppLibraries/FT6236/FT6236.cpp:70:9:uint8_t Touched()	104	static
../AppLibraries/FT6236/FT6236.cpp:76:6:void GetPoint(uint8_t)	8	static
../AppLibraries/FT6236/FT6236.cpp:82:10:uint16_t GetX()	0	static
../AppLibraries/FT6236/FT6236.cpp:85:10:uint16_t GetY()	0	static
