../PeriphLibraries/I2C_F4xx/I2C_F4xx.cpp:22:1:I2C::I2C(I2C_TypeDef*)	0	static
../PeriphLibraries/I2C_F4xx/I2C_F4xx.cpp:26:10:Result_t I2C::Init(I2C_Config_t*)	32	static
../PeriphLibraries/I2C_F4xx/I2C_F4xx.cpp:101:6:void I2C::ACKError_Action()	0	static
../PeriphLibraries/I2C_F4xx/I2C_F4xx.cpp:106:6:void I2C::ClearADDR()	8	static
../PeriphLibraries/I2C_F4xx/I2C_F4xx.cpp:111:10:Result_t I2C::WaitBusy()	160	static
../PeriphLibraries/I2C_F4xx/I2C_F4xx.cpp:127:10:Result_t I2C::SendStart()	168	static
../PeriphLibraries/I2C_F4xx/I2C_F4xx.cpp:151:10:Result_t I2C::SendRepeatStart()	160	static
../PeriphLibraries/I2C_F4xx/I2C_F4xx.cpp:167:10:Result_t I2C::SendSlaveAddr(uint16_t, I2C_Action_t)	176	static
../PeriphLibraries/I2C_F4xx/I2C_F4xx.cpp:190:10:Result_t I2C::SendStart_SlaveAddr(uint16_t, I2C_Action_t)	168	static
../PeriphLibraries/I2C_F4xx/I2C_F4xx.cpp:210:10:Result_t I2C::SendRepeatStart_SlaveAddr(uint16_t, I2C_Action_t)	256	static
../PeriphLibraries/I2C_F4xx/I2C_F4xx.cpp:230:10:Result_t I2C::CheckDevices(uint16_t, uint8_t, uint16_t)	184	static
../PeriphLibraries/I2C_F4xx/I2C_F4xx.cpp:291:10:Result_t I2C::Transmit(uint8_t*, uint16_t)	48	static
../PeriphLibraries/I2C_F4xx/I2C_F4xx.cpp:337:10:Result_t I2C::Transmit(uint8_t)	40	static
../PeriphLibraries/I2C_F4xx/I2C_F4xx.cpp:364:10:Result_t I2C::Receive(uint8_t*, uint16_t)	64	static
../PeriphLibraries/I2C_F4xx/I2C_F4xx.cpp:475:10:Result_t I2C::Receive(uint8_t*)	40	static
../PeriphLibraries/I2C_F4xx/I2C_F4xx.cpp:499:10:Result_t I2C::SendStop()	8	static
../PeriphLibraries/I2C_F4xx/I2C_F4xx.cpp:506:10:Result_t I2C::Transmit_DMA(uint8_t*, uint16_t)	24	static
../PeriphLibraries/I2C_F4xx/I2C_F4xx.cpp:523:10:Result_t I2C::Receive_DMA(uint8_t*, uint16_t)	24	static
../PeriphLibraries/I2C_F4xx/I2C_F4xx.cpp:544:10:Result_t I2C::Stop_Transmit_DMA()	96	static
../PeriphLibraries/I2C_F4xx/I2C_F4xx.cpp:560:10:Result_t I2C::Stop_Receive_DMA()	96	static
../PeriphLibraries/I2C_F4xx/I2C_F4xx.cpp:577:10:Result_t I2C::Memory_Transmit(uint16_t, uint16_t, uint8_t, uint8_t*, uint16_t)	264	static
../PeriphLibraries/I2C_F4xx/I2C_F4xx.cpp:603:10:Result_t I2C::Memory_Receive(uint16_t, uint16_t, uint8_t, uint8_t*, uint16_t)	272	static
