../AppLibraries/lvgl/demos/music/lv_demo_music.c:155:13:auto_step_cb	16	static
../AppLibraries/lvgl/demos/music/lv_demo_music.c:114:6:lv_demo_music	8	static
../AppLibraries/lvgl/demos/music/lv_demo_music.c:126:14:_lv_demo_music_get_title	0	static
../AppLibraries/lvgl/demos/music/lv_demo_music.c:132:14:_lv_demo_music_get_artist	0	static
../AppLibraries/lvgl/demos/music/lv_demo_music.c:138:14:_lv_demo_music_get_genre	0	static
../AppLibraries/lvgl/demos/music/lv_demo_music.c:144:10:_lv_demo_music_get_track_length	0	static
