../AppLibraries/lvgl/demos/music/lv_demo_music_main.c:109:13:_img_set_zoom_anim_cb	0	static
../AppLibraries/lvgl/demos/music/lv_demo_music_main.c:889:13:start_anim_cb	0	static
../AppLibraries/lvgl/demos/music/lv_demo_music_main.c:980:13:stop_start_anim	0	static
../AppLibraries/lvgl/demos/music/lv_demo_music_main.c:965:13:timer_cb	8	static
../AppLibraries/lvgl/demos/music/lv_demo_music_main.c:896:19:album_img_create	8	static
../AppLibraries/lvgl/demos/music/lv_demo_music_main.c:648:13:track_load	96	static
../AppLibraries/lvgl/demos/music/lv_demo_music_main.c:118:13:_obj_set_x_anim_cb	0	static
../AppLibraries/lvgl/demos/music/lv_demo_music_main.c:859:13:spectrum_anim_cb	16	static
../AppLibraries/lvgl/demos/music/lv_demo_music_main.c:734:13:spectrum_draw_event_cb	272	static
../AppLibraries/lvgl/demos/music/lv_demo_music_main.c:123:12:_lv_demo_music_main_create	152	static
../AppLibraries/lvgl/demos/music/lv_demo_music_main.c:325:6:_lv_demo_music_resume	88	static
../AppLibraries/lvgl/demos/music/lv_demo_music_main.c:318:6:_lv_demo_music_play	8	static
../AppLibraries/lvgl/demos/music/lv_demo_music_main.c:294:6:_lv_demo_music_album_next	8	static
../AppLibraries/lvgl/demos/music/lv_demo_music_main.c:939:13:play_event_click_cb	8	static
../AppLibraries/lvgl/demos/music/lv_demo_music_main.c:973:13:spectrum_end_cb	8	static
../AppLibraries/lvgl/demos/music/lv_demo_music_main.c:950:13:prev_click_event_cb	8	static
../AppLibraries/lvgl/demos/music/lv_demo_music_main.c:956:13:next_click_event_cb	8	static
../AppLibraries/lvgl/demos/music/lv_demo_music_main.c:932:13:album_gesture_event_cb	8	static
../AppLibraries/lvgl/demos/music/lv_demo_music_main.c:346:6:_lv_demo_music_pause	16	static
