../PeriphLibraries/USART_F4xx/USART_F4xx.cpp:20:1:USART::USART(USART_TypeDef*)	0	static
../PeriphLibraries/USART_F4xx/USART_F4xx.cpp:76:10:Result_t USART::Event_Register_Handler(void (*)(void*, USART_Event_t), void*)	32	static
../PeriphLibraries/USART_F4xx/USART_F4xx.cpp:94:10:Result_t USART::Transmit(uint8_t)	176	static
../PeriphLibraries/USART_F4xx/USART_F4xx.cpp:24:6:void USART::Init(USART_Config_t*)	112	static
../PeriphLibraries/USART_F4xx/USART_F4xx.cpp:115:10:Result_t USART::Transmit(uint8_t*, uint16_t)	168	static
../PeriphLibraries/USART_F4xx/USART_F4xx.cpp:134:10:Result_t USART::SendString(char*)	168	static
../PeriphLibraries/USART_F4xx/USART_F4xx.cpp:152:10:Result_t USART::Receive(uint8_t*)	168	static
../PeriphLibraries/USART_F4xx/USART_F4xx.cpp:169:10:Result_t USART::Receive(uint8_t*, uint16_t)	176	static
../PeriphLibraries/USART_F4xx/USART_F4xx.cpp:187:10:Result_t USART::TransmitIT(uint8_t*, uint16_t)	184	static
../PeriphLibraries/USART_F4xx/USART_F4xx.cpp:230:10:Result_t USART::ReceiveIT(uint16_t)	32	static
../PeriphLibraries/USART_F4xx/USART_F4xx.cpp:263:10:Result_t USART::ReceiveToEndCharIT(uint16_t, char)	40	static
../PeriphLibraries/USART_F4xx/USART_F4xx.cpp:297:10:Result_t USART::StopReceiveIT()	24	static
../PeriphLibraries/USART_F4xx/USART_F4xx.cpp:319:9:uint8_t USART::GetData()	0	static
../PeriphLibraries/USART_F4xx/USART_F4xx.cpp:323:10:Result_t USART::GetBuffer(uint8_t**)	32	static
../PeriphLibraries/USART_F4xx/USART_F4xx.cpp:339:10:uint16_t USART::GetDataLength()	0	static
../PeriphLibraries/USART_F4xx/USART_F4xx.cpp:344:10:Result_t USART::TransmitDMA(uint8_t*, uint16_t)	168	static
../PeriphLibraries/USART_F4xx/USART_F4xx.cpp:365:10:Result_t USART::ReceiveDMA(uint8_t*, uint16_t)	176	static
../PeriphLibraries/USART_F4xx/USART_F4xx.cpp:391:10:Result_t USART::Stop_DMA()	160	static
../PeriphLibraries/USART_F4xx/USART_F4xx.cpp:428:10:Result_t USART::ReceiveUntilIdleIT(uint16_t)	32	static
../PeriphLibraries/USART_F4xx/USART_F4xx.cpp:463:10:Result_t USART::ReceiveUntilIdleDMA(uint16_t)	168	static
../PeriphLibraries/USART_F4xx/USART_F4xx.cpp:511:10:Result_t USART::StopReceiveUntilIdleIT()	24	static
../PeriphLibraries/USART_F4xx/USART_F4xx.cpp:532:17:USART_Config_t* USART::GetConfig()	0	static
../PeriphLibraries/USART_F4xx/USART_F4xx.cpp:537:6:void USART_IRQ_Handler(USART*)	96	static
../PeriphLibraries/USART_F4xx/USART_F4xx.cpp:606:21:cpp)	0	static
