../PeriphLibraries/PERIPH_STATUS/PERIPH_STATUS.cpp:15:6:void Peripheral_Status_Init(uint32_t (*)())	0	static
../PeriphLibraries/PERIPH_STATUS/PERIPH_STATUS.cpp:19:10:Status_t CheckFlagRegister(volatile uint32_t*, uint32_t, FlagLevel_t)	0	static
../PeriphLibraries/PERIPH_STATUS/PERIPH_STATUS.cpp:24:6:void WaitFlag(volatile uint32_t*, uint32_t, FlagLevel_t)	0	static
../PeriphLibraries/PERIPH_STATUS/PERIPH_STATUS.cpp:28:10:Result_t WaitFlagTimeout(volatile uint32_t*, uint32_t, FlagLevel_t, uint16_t)	40	static
../PeriphLibraries/PERIPH_STATUS/PERIPH_STATUS.cpp:46:10:Result_t WaitFlagTimeoutBasic(volatile uint32_t*, uint32_t, FlagLevel_t, uint16_t)	64	static
../PeriphLibraries/PERIPH_STATUS/PERIPH_STATUS.cpp:66:10:Result_t CheckFlag_In_WaitFlagTimeout(volatile uint32_t*, uint32_t, FlagLevel_t, volatile uint32_t*, uint32_t, FlagLevel_t, uint16_t)	56	static
../PeriphLibraries/PERIPH_STATUS/PERIPH_STATUS.cpp:89:6:void Result_Init(Result_t*, Status_t, uint32_t, const char*, const char*)	16	static
../PeriphLibraries/PERIPH_STATUS/PERIPH_STATUS.cpp:96:6:void Set_Line(Result_t*, uint16_t)	0	static
../PeriphLibraries/PERIPH_STATUS/PERIPH_STATUS.cpp:100:6:void Set_Status_Line(Result_t*, Status_t, uint16_t)	0	static
../PeriphLibraries/PERIPH_STATUS/PERIPH_STATUS.cpp:105:6:bool CheckResult(Result_t)	0	static
../PeriphLibraries/PERIPH_STATUS/PERIPH_STATUS.cpp:110:6:bool CheckStatus(Result_t)	0	static
