../AppLibraries/LoRa_API/LoRa_API.cpp:35:6:void LoRa_AP_Init(LoRa*, TIM*)	0	static
../AppLibraries/LoRa_API/LoRa_API.cpp:42:6:)	28	static
../AppLibraries/LoRa_API/LoRa_API.cpp:66:6:)	24	static
../AppLibraries/LoRa_API/LoRa_API.cpp:86:6:void Init_Node()	8	static
../AppLibraries/LoRa_API/LoRa_API.cpp:98:6:void LoRa_RequestData()	8	static
../AppLibraries/LoRa_API/LoRa_API.cpp:106:6:void LoRa_Check_Lost_Data()	56	static
../AppLibraries/LoRa_API/LoRa_API.cpp:167:6:void LoRa_Response_TimeOutHandler(void*, TIM_Event_t)	0	static
c:\st\stm32cubeide_1.8.0\stm32cubeide\plugins\com.st.stm32cube.ide.mcu.externaltools.gnu-tools-for-stm32.10.3-2021.10.win32_1.0.0.202111181127\tools\arm-none-eabi\include\c++\10.3.1\bits\deque.tcc:481:7:) [with _Args = {char* const&}; _Tp = char*; _Alloc = std::allocator<char*>]	32	static
../AppLibraries/LoRa_API/LoRa_API.cpp:145:6:void LoRa_Receive_IRQHandler(void*, uint8_t)	32	static
../AppLibraries/LoRa_API/LoRa_API.cpp:176:1:cpp)	16	static
../AppLibraries/LoRa_API/LoRa_API.cpp:176:1:cpp)	16	static
