../AppLibraries/GateWay_API/GateWay_API.cpp:15:10:Packet_t Parse_Packet(char*)	32	static
../AppLibraries/GateWay_API/GateWay_API.cpp:90:6:void Free_Packet(Packet_t*)	8	static
../AppLibraries/GateWay_API/GateWay_API.cpp:96:9:uint8_t FindChar(char*, char)	8	static
../AppLibraries/GateWay_API/GateWay_API.cpp:102:7:char* GetCommand(Packet_t*)	16	static
../AppLibraries/GateWay_API/GateWay_API.cpp:113:7:char* GetFullData(Packet_t*)	24	static
../AppLibraries/GateWay_API/GateWay_API.cpp:125:7:char* GetData(char*, uint8_t, char)	24	static
../AppLibraries/GateWay_API/GateWay_API.cpp:156:6:bool Command_with_noData(Packet_t*)	0	static
