../PeriphLibraries/DMA_F4xx/DMA_F4xx.cpp:41:1:DMA::DMA(DMA_TypeDef*)	0	static
../PeriphLibraries/DMA_F4xx/DMA_F4xx.cpp:45:6:void DMA::ClearIFCR(uint32_t)	8	static
../PeriphLibraries/DMA_F4xx/DMA_F4xx.cpp:48:6:void DMA::ClearAllIntrFlag()	0	static
../PeriphLibraries/DMA_F4xx/DMA_F4xx.cpp:52:15:volatile uint32_t DMA::GetISR()	8	static
../PeriphLibraries/DMA_F4xx/DMA_F4xx.cpp:58:10:Result_t DMA::Init(DMA_Config_t*)	168	static
../PeriphLibraries/DMA_F4xx/DMA_F4xx.cpp:117:6:void DMA::Event_Register_Handler(void (*)(void*, DMA_Event_t), void*)	0	static
../PeriphLibraries/DMA_F4xx/DMA_F4xx.cpp:122:10:Result_t DMA::Start(uint32_t, uint32_t, uint32_t)	168	static
../PeriphLibraries/DMA_F4xx/DMA_F4xx.cpp:159:10:Result_t DMA::Stop()	160	static
../PeriphLibraries/DMA_F4xx/DMA_F4xx.cpp:184:10:Result_t DMA::PollForTranfer(DMA_InterruptSelect_t, uint32_t)	144	static
../PeriphLibraries/DMA_F4xx/DMA_F4xx.cpp:254:10:uint16_t DMA::GetCounter()	0	static
../PeriphLibraries/DMA_F4xx/DMA_F4xx.cpp:258:15:DMA_Config_t* DMA::GetConfig()	0	static
../PeriphLibraries/DMA_F4xx/DMA_F4xx.cpp:263:6:void DMA_IRQ_Handler(DMA_TypeDef*, DMA_Stream_TypeDef*, DMA*)	4	static
../PeriphLibraries/DMA_F4xx/DMA_F4xx.cpp:299:1:cpp)	36	static
