../AppLibraries/lvgl/src/core/lv_obj_scroll.c:681:13:scroll_anim_ready_cb	0	static
../AppLibraries/lvgl/src/core/lv_obj_scroll.c:162:12:lv_obj_get_scroll_left.part.0	48	static
../AppLibraries/lvgl/src/core/lv_obj_scroll.c:205:12:lv_obj_get_scroll_right.part.0	32	static
../AppLibraries/lvgl/src/core/lv_obj_scroll.c:676:13:scroll_y_anim	16	static
../AppLibraries/lvgl/src/core/lv_obj_scroll.c:671:13:scroll_x_anim	16	static
../AppLibraries/lvgl/src/core/lv_obj_scroll.c:57:6:lv_obj_set_scrollbar_mode	16	static
../AppLibraries/lvgl/src/core/lv_obj_scroll.c:68:6:lv_obj_set_scroll_dir	16	static
../AppLibraries/lvgl/src/core/lv_obj_scroll.c:77:6:lv_obj_set_scroll_snap_x	16	static
../AppLibraries/lvgl/src/core/lv_obj_scroll.c:83:6:lv_obj_set_scroll_snap_y	16	static
../AppLibraries/lvgl/src/core/lv_obj_scroll.c:93:21:lv_obj_get_scrollbar_mode	0	static
../AppLibraries/lvgl/src/core/lv_obj_scroll.c:99:10:lv_obj_get_scroll_dir	0	static
../AppLibraries/lvgl/src/core/lv_obj_scroll.c:105:18:lv_obj_get_scroll_snap_x	0	static
../AppLibraries/lvgl/src/core/lv_obj_scroll.c:111:18:lv_obj_get_scroll_snap_y	0	static
../AppLibraries/lvgl/src/core/lv_obj_scroll.c:117:12:lv_obj_get_scroll_x	0	static
../AppLibraries/lvgl/src/core/lv_obj_scroll.c:123:12:lv_obj_get_scroll_y	0	static
../AppLibraries/lvgl/src/core/lv_obj_scroll.c:129:12:lv_obj_get_scroll_top	0	static
../AppLibraries/lvgl/src/core/lv_obj_scroll.c:135:12:lv_obj_get_scroll_bottom	32	static
../AppLibraries/lvgl/src/core/lv_obj_scroll.c:432:6:lv_obj_get_scrollbar_area.part.0	96	static
../AppLibraries/lvgl/src/core/lv_obj_scroll.c:162:12:lv_obj_get_scroll_left	8	static
../AppLibraries/lvgl/src/core/lv_obj_scroll.c:205:12:lv_obj_get_scroll_right	8	static
../AppLibraries/lvgl/src/core/lv_obj_scroll.c:241:6:lv_obj_get_scroll_end	16	static
../AppLibraries/lvgl/src/core/lv_obj_scroll.c:304:6:lv_obj_scroll_by	96	static
../AppLibraries/lvgl/src/core/lv_obj_scroll.c:255:6:lv_obj_scroll_by_bounded	48	static
../AppLibraries/lvgl/src/core/lv_obj_scroll.c:686:13:scroll_area_into_view	80	static
../AppLibraries/lvgl/src/core/lv_obj_scroll.c:363:6:lv_obj_scroll_to	40	static
../AppLibraries/lvgl/src/core/lv_obj_scroll.c:369:6:lv_obj_scroll_to_x	32	static
../AppLibraries/lvgl/src/core/lv_obj_scroll.c:379:6:lv_obj_scroll_to_y	40	static
../AppLibraries/lvgl/src/core/lv_obj_scroll.c:389:6:lv_obj_scroll_to_view	32	static
../AppLibraries/lvgl/src/core/lv_obj_scroll.c:398:6:lv_obj_scroll_to_view_recursive	32	static
../AppLibraries/lvgl/src/core/lv_obj_scroll.c:413:6:lv_obj_is_scrolling	16	static
../AppLibraries/lvgl/src/core/lv_obj_scroll.c:424:6:lv_obj_update_snap	104	static
../AppLibraries/lvgl/src/core/lv_obj_scroll.c:432:6:lv_obj_get_scrollbar_area	32	static
../AppLibraries/lvgl/src/core/lv_obj_scroll.c:606:6:lv_obj_scrollbar_invalidate	40	static
../AppLibraries/lvgl/src/core/lv_obj_scroll.c:618:6:lv_obj_readjust_scroll	24	static
