../AppLibraries/User_Interface/lib_out.cpp:208:6:void button_ev(lv_event_t*)	16	static
../AppLibraries/User_Interface/lib_out.cpp:345:13:void draw_event_cb_chart(lv_event_t*)	168	static
../AppLibraries/User_Interface/lib_out.cpp:476:6:void control_event(lv_event_t*)	16	static
../AppLibraries/User_Interface/lib_out.cpp:1175:6:void event_btn_wifi(lv_event_t*)	80	static
../AppLibraries/User_Interface/lib_out.cpp:1209:6:void list_event_handler(lv_event_t*)	72	static
../AppLibraries/User_Interface/lib_out.cpp:1570:6:void hight_url_event_cb(lv_event_t*)	16	static
../AppLibraries/User_Interface/lib_out.cpp:1563:6:void hight_url_event_cb_label(void (**)(lv_event_t*))	8	static
../AppLibraries/User_Interface/lib_out.cpp:1519:6:void mbox_event(lv_event_t*)	32	static
../AppLibraries/User_Interface/lib_out.cpp:236:6:void ui_tab1_screen_init(lv_obj_t*)	32	static
../AppLibraries/User_Interface/lib_out.cpp:319:6:void Set_ShowNode1(float, float)	40	static
../AppLibraries/User_Interface/lib_out.cpp:325:6:void Set_ShowNode2(float, float)	40	static
../AppLibraries/User_Interface/lib_out.cpp:331:6:void update_Chart_Node1(float, float)	16	static
../AppLibraries/User_Interface/lib_out.cpp:337:6:void update_Chart_Node2(float, float)	16	static
../AppLibraries/User_Interface/lib_out.cpp:388:6:void Chart_ui_tab_1()	48	static
../AppLibraries/User_Interface/lib_out.cpp:442:6:void tab_left()	16	static
../AppLibraries/User_Interface/lib_out.cpp:661:6:void Set_Control_Switch(int, char*, char*)	16	static
../AppLibraries/User_Interface/lib_out.cpp:773:6:void ui_tab_control()	40	static
../AppLibraries/User_Interface/lib_out.cpp:1225:6:void Set_ShowWiFi(char*)	96	static
../AppLibraries/User_Interface/lib_out.cpp:1247:6:void Set_NetWork_State(char*)	16	static
../AppLibraries/User_Interface/lib_out.cpp:1299:6:void sw_event_cb(lv_event_t*)	16	static
../AppLibraries/User_Interface/lib_out.cpp:1338:6:void ui_wifi_config()	40	static
../AppLibraries/User_Interface/lib_out.cpp:1453:6:void Top_ui()	24	static
../AppLibraries/User_Interface/lib_out.cpp:1500:6:void Set_Show_Time()	32	static
../AppLibraries/User_Interface/lib_out.cpp:1510:6:void Set_MQTT(char*, char*, char*)	16	static
../AppLibraries/User_Interface/lib_out.cpp:1559:6:void KB_CLEAR_HIDDEN()	0	static
../AppLibraries/User_Interface/lib_out.cpp:1613:6:void ui_setting()	40	static
../AppLibraries/User_Interface/lib_out.cpp:1846:6:void init_lib()	8	static
