../AppLibraries/User_Interface/ui_helpers.cpp:8:6:void _ui_bar_set_property(lv_obj_t*, int, int)	0	static
../AppLibraries/User_Interface/ui_helpers.cpp:14:6:void _ui_basic_set_property(lv_obj_t*, int, int)	0	static
../AppLibraries/User_Interface/ui_helpers.cpp:23:6:void _ui_dropdown_set_property(lv_obj_t*, int, int)	0	static
../AppLibraries/User_Interface/ui_helpers.cpp:28:6:void _ui_image_set_property(lv_obj_t*, int, uint8_t*)	0	static
../AppLibraries/User_Interface/ui_helpers.cpp:33:6:void _ui_label_set_property(lv_obj_t*, int, char*)	0	static
../AppLibraries/User_Interface/ui_helpers.cpp:39:6:void _ui_roller_set_property(lv_obj_t*, int, int)	0	static
../AppLibraries/User_Interface/ui_helpers.cpp:45:6:void _ui_slider_set_property(lv_obj_t*, int, int)	0	static
../AppLibraries/User_Interface/ui_helpers.cpp:52:6:void _ui_screen_change(lv_obj_t*, lv_scr_load_anim_t, int, int)	16	static
../AppLibraries/User_Interface/ui_helpers.cpp:57:6:void _ui_arc_increment(lv_obj_t*, int)	16	static
../AppLibraries/User_Interface/ui_helpers.cpp:63:6:void _ui_bar_increment(lv_obj_t*, int, int)	16	static
../AppLibraries/User_Interface/ui_helpers.cpp:69:6:void _ui_slider_increment(lv_obj_t*, int, int)	16	static
../AppLibraries/User_Interface/ui_helpers.cpp:75:6:void _ui_flag_modify(lv_obj_t*, int32_t, int)	16	static
../AppLibraries/User_Interface/ui_helpers.cpp:84:6:void _ui_state_modify(lv_obj_t*, int32_t, int)	16	static
../AppLibraries/User_Interface/ui_helpers.cpp:94:6:void _ui_opacity_set(lv_obj_t*, int)	0	static
../AppLibraries/User_Interface/ui_helpers.cpp:99:6:void _ui_anim_callback_set_x(lv_anim_t*, int32_t)	0	static
../AppLibraries/User_Interface/ui_helpers.cpp:104:6:void _ui_anim_callback_set_y(lv_anim_t*, int32_t)	0	static
../AppLibraries/User_Interface/ui_helpers.cpp:109:6:void _ui_anim_callback_set_width(lv_anim_t*, int32_t)	0	static
../AppLibraries/User_Interface/ui_helpers.cpp:114:6:void _ui_anim_callback_set_height(lv_anim_t*, int32_t)	0	static
../AppLibraries/User_Interface/ui_helpers.cpp:119:6:void _ui_anim_callback_set_opacity(lv_anim_t*, int32_t)	0	static
../AppLibraries/User_Interface/ui_helpers.cpp:124:6:void _ui_anim_callback_set_image_zoom(lv_anim_t*, int32_t)	0	static
../AppLibraries/User_Interface/ui_helpers.cpp:129:6:void _ui_anim_callback_set_image_angle(lv_anim_t*, int32_t)	0	static
../AppLibraries/User_Interface/ui_helpers.cpp:135:9:int32_t _ui_anim_callback_get_x(lv_anim_t*)	8	static
../AppLibraries/User_Interface/ui_helpers.cpp:140:9:int32_t _ui_anim_callback_get_y(lv_anim_t*)	8	static
../AppLibraries/User_Interface/ui_helpers.cpp:145:9:int32_t _ui_anim_callback_get_width(lv_anim_t*)	8	static
../AppLibraries/User_Interface/ui_helpers.cpp:150:9:int32_t _ui_anim_callback_get_height(lv_anim_t*)	8	static
../AppLibraries/User_Interface/ui_helpers.cpp:155:9:int32_t _ui_anim_callback_get_opacity(lv_anim_t*)	8	static
../AppLibraries/User_Interface/ui_helpers.cpp:160:9:int32_t _ui_anim_callback_get_image_zoom(lv_anim_t*)	8	static
../AppLibraries/User_Interface/ui_helpers.cpp:165:9:int32_t _ui_anim_callback_get_image_angle(lv_anim_t*)	8	static
../AppLibraries/User_Interface/ui_helpers.cpp:170:6:void _ui_arc_set_text_value(lv_obj_t*, lv_obj_t*, char*, char*)	56	static
../AppLibraries/User_Interface/ui_helpers.cpp:177:6:void _ui_slider_set_text_value(lv_obj_t*, lv_obj_t*, char*, char*)	56	static
../AppLibraries/User_Interface/ui_helpers.cpp:183:6:void _ui_checked_set_text_value(lv_obj_t*, lv_obj_t*, char*, char*)	16	static
