../AppLibraries/lvgl/src/widgets/lv_canvas.c:788:13:lv_canvas_destructor	0	static
../AppLibraries/lvgl/src/widgets/lv_canvas.c:769:13:lv_canvas_constructor	0	static
../AppLibraries/lvgl/src/widgets/lv_canvas.c:54:12:lv_canvas_create	8	static
../AppLibraries/lvgl/src/widgets/lv_canvas.c:66:6:lv_canvas_set_buffer	8	static
../AppLibraries/lvgl/src/widgets/lv_canvas.c:82:6:lv_canvas_set_px_color	8	static
../AppLibraries/lvgl/src/widgets/lv_canvas.c:92:6:lv_canvas_set_px_opa	8	static
../AppLibraries/lvgl/src/widgets/lv_canvas.c:102:6:lv_canvas_set_palette	8	static
../AppLibraries/lvgl/src/widgets/lv_canvas.c:116:12:lv_canvas_get_px	16	static
../AppLibraries/lvgl/src/widgets/lv_canvas.c:126:16:lv_canvas_get_img	0	static
../AppLibraries/lvgl/src/widgets/lv_canvas.c:138:6:lv_canvas_copy_buf	32	static
../AppLibraries/lvgl/src/widgets/lv_canvas.c:161:6:lv_canvas_transform	120	static
../AppLibraries/lvgl/src/widgets/lv_canvas.c:229:6:lv_canvas_blur_hor	128	static
../AppLibraries/lvgl/src/widgets/lv_canvas.c:357:6:lv_canvas_blur_ver	128	static
../AppLibraries/lvgl/src/widgets/lv_canvas.c:490:6:lv_canvas_fill_bg	48	static
../AppLibraries/lvgl/src/widgets/lv_canvas.c:519:6:lv_canvas_draw_rect	488	static
../AppLibraries/lvgl/src/widgets/lv_canvas.c:563:6:lv_canvas_draw_text	488	static
../AppLibraries/lvgl/src/widgets/lv_canvas.c:599:6:lv_canvas_draw_img	480	static
../AppLibraries/lvgl/src/widgets/lv_canvas.c:642:6:lv_canvas_draw_line	480	static
../AppLibraries/lvgl/src/widgets/lv_canvas.c:684:6:lv_canvas_draw_polygon	472	static
../AppLibraries/lvgl/src/widgets/lv_canvas.c:722:6:lv_canvas_draw_arc	480	static
